     1                                  ;************************************************************************
     2                                  ;
     3                                  ;	カーネル部
     4                                  ;
     5                                  ;************************************************************************
     6                                  
     7                                  ;************************************************************************
     8                                  ;	マクロ
     9                                  ;************************************************************************
    10                                  %include	"../include/define.s"
    11                              <1> ;************************************************************************
    12                              <1> ;	メモリイメージ
    13                              <1> ;************************************************************************
    14                              <1> 
    15                              <1> 		;---------------------------------------
    16                              <1> 		;           |            | 
    17                              <1> 		;           |____________| 
    18                              <1> 		; 0000_7A00 |            | ( 512) スタック
    19                              <1> 		;           |____________| 
    20                              <1> 		; 0000_7C00 |            | (  8K) ブート
    21                              <1> 		;           =            = 
    22                              <1> 		;           |____________| 
    23                              <1> 		; 0000_9C00 |            | (  8K) カーネル（一時展開）
    24                              <1> 		;           =            = 
    25                              <1> 		;           |____________| 
    26                              <1> 		; 0000_BC00 |////////////| 
    27                              <1> 		;           =            = 
    28                              <1> 		;           |____________| 
    29                              <1> 		; 0010_0000 |       (2K) | 割り込みディスクリプタテーブル
    30                              <1> 		;           |____________| 
    31                              <1> 		; 0010_0800 |       (2K) | カーネルスタック
    32                              <1> 		;           |____________| 
    33                              <1> 		; 0010_1000 |       (8K) | カーネルプログラム
    34                              <1> 		;           |            | 
    35                              <1> 		;           =            = 
    36                              <1> 		;           |____________| 
    37                              <1> 		; 0010_3000 |       (8K) | タスク用スタック
    38                              <1> 		;           |            | （各タスク1K）
    39                              <1> 		;           =            = 
    40                              <1> 		;           |____________| 
    41                              <1> 		; 0010_5000 |            | Dir
    42                              <1> 		;      6000 |____________| Page
    43                              <1> 		; 0010_7000 |            | Dir
    44                              <1> 		;      8000 |____________| Page
    45                              <1> 		; 0010_9000 |////////////| 
    46                              <1> 		;           |            | 
    47                              <1> 
    48                              <1> 
    49                              <1>         BOOT_SIZE			equ		(1024 * 8)		; ブートサイズ
    50                              <1> 		KERNEL_SIZE			equ		(1024 * 8)		; カーネルサイズ
    51                              <1> 
    52                              <1> 		BOOT_LOAD			equ		0x7C00			; ブートプログラムのロード位置
    53                              <1> 		BOOT_END			equ		(BOOT_LOAD + BOOT_SIZE)
    54                              <1> 
    55                              <1> 		KERNEL_LOAD			equ		0x0010_1000
    56                              <1> 
    57                              <1> 		SECT_SIZE			equ		(512)			; セクタサイズ
    58                              <1> 
    59                              <1> 		BOOT_SECT			equ		(BOOT_SIZE   / SECT_SIZE)	; ブートプログラムのセクタ数
    60                              <1> 		KERNEL_SECT			equ		(KERNEL_SIZE / SECT_SIZE)	; カーネルのセクタ数
    61                              <1> 
    62                              <1> 		E820_RECORD_SIZE	equ		20
    63                              <1> 
    64                              <1> 		VECT_BASE			equ		0x0010_0000		;	0010_0000:0010_07FF
    11                                  %include	"../include/macro.s"
    12                              <1> ;************************************************************************
    13                              <1> ; 関数呼び出し用マクロ
    14                              <1> ;
    15                              <1> ; 使い方：
    16                              <1> ;	cdecl	func [, param1[, param2[, ...]]]
    17                              <1> ;
    18                              <1> ;************************************************************************
    19                              <1> 
    20                              <1> %macro cdecl 1-*.nolist
    21                              <1> 
    22                              <1>     %rep %0 - 1
    23                              <1>         push    %{-1:-1}
    24                              <1>         %rotate -1
    25                              <1>     %endrep
    26                              <1>     %rotate -1
    27                              <1> 
    28                              <1>         call    %1
    29                              <1> 
    30                              <1>     %if 1 < %0
    31                              <1>         add     sp,(__BITS__ >> 3) * (%0 - 1)
    32                              <1>     %endif
    33                              <1> 
    34                              <1> %endmacro
    35                              <1> 
    36                              <1> ;************************************************************************
    37                              <1> ;	構造体
    38                              <1> ;************************************************************************
    39                              <1> 
    40                              <1> ;-----------------------------------------------
    41                              <1> ;	ドライブパラメータ
    42                              <1> ;-----------------------------------------------
    43                              <1> struc drive
    44 00000000 ????                <1> 		.no				resw	1				; ドライブ番号
    45 00000002 ????                <1> 		.cyln			resw	1				; C:シリンダ
    46 00000004 ????                <1> 		.head			resw	1				; H:ヘッド
    47 00000006 ????                <1> 		.sect			resw	1				; S:セクタ
    48                              <1> endstruc
    12                                  
    13                                  		ORG		KERNEL_LOAD						; カーネルのロードアドレス
    14                                  
    15                                  [BITS 32]
    16                                  ;************************************************************************
    17                                  ;	エントリポイント
    18                                  ;************************************************************************
    19                                  kernel:
    20                                  		;---------------------------------------
    21                                  		; 処理の終了
    22                                  		;---------------------------------------
    23 00000000 EBFE                    		jmp		$								; while (1) ; // 無限ループ
    24                                  
    25                                  ;************************************************************************
    26                                  ;	パディング
    27                                  ;************************************************************************
    28 00000002 00<rep 1FFEh>           		times KERNEL_SIZE - ($ - $$) db 0x00	; パディング
    29                                  
